// Vitest Snapshot v1

exports[`Wrapper > should match snapshot 1`] = `
<div>
  <div
    class=" flex h-full w-full flex-col items-center justify-center pt-20 "
  >
    Test
  </div>
</div>
`;
