// Vitest Snapshot v1

exports[`Button > should match snapshot 1`] = `
<div>
  <div
    class=" hero z-10 min-h-screen w-full bg-gradient-to-br from-secondary to-primary"
  >
    <div
      class="hero-content col-start-1 row-start-1 w-full max-w-7xl flex-col justify-between gap-10 pb-40 text-center lg:gap-0 xl:gap-20"
    >
      <div
        class="max-w-2xl"
      >
        <h1
          class="text-5xl font-bold"
          data-testid="title-header"
        >
          Welcome to solve
          <span
            class="font-extrabold text-yellow-500"
          >
            M
          </span>
          c
        </h1>
        <p
          class="font-title mt-5 text-xl italic"
        >
          We make ordering food with friends easier, faster and more fun!
        </p>
        <div
          class="mt-5 flex justify-center gap-2"
        >
          <button
            class=" btn btn-active btn-ghost text-white lg:btn-lg "
            data-testid="link-to-all"
          >
            See all restaurants
          </button>
        </div>
      </div>
    </div>
  </div>
</div>
`;

exports[`Button > should match snapshot when logout > logout 1`] = `
<div>
  <div
    class=" hero z-10 min-h-screen w-full bg-gradient-to-br from-secondary to-primary"
  >
    <div
      class="hero-content col-start-1 row-start-1 w-full max-w-7xl flex-col justify-between gap-10 pb-40 text-center lg:gap-0 xl:gap-20"
    >
      <div
        class="max-w-2xl"
      >
        <h1
          class="text-5xl font-bold"
          data-testid="title-header"
        >
          Welcome to solve
          <span
            class="font-extrabold text-yellow-500"
          >
            M
          </span>
          c
        </h1>
        <p
          class="font-title mt-5 text-xl italic"
        >
          We make ordering food with friends easier, faster and more fun!
        </p>
        <div
          class="mt-5 flex justify-center gap-2"
        >
          <button
            class=" btn btn-active btn-ghost text-white lg:btn-lg "
            data-testid="link-to-all"
          >
            See all restaurants
          </button>
        </div>
      </div>
    </div>
  </div>
</div>
`;
