// Vitest Snapshot v1

exports[`Button > should match snapshot 1`] = `
<div>
  <button
    class="btn btn-primary text-white"
    data-testid="button"
    type="button"
  >
    Test
  </button>
</div>
`;
